Refreshing run status every 60 seconds. Press Ctrl+C to quit.

* phase-1/edit-display-record-timeline Test Build (desktop installers) aukcraft/auk-take#7 · 34530418116
Triggered via push less than a minute ago

JOBS
* desktop (ubuntu-22.04, Linux) (ID 103049500517)
  ✓ Set up job
  ✓ Run actions/checkout@v4
  ✓ Run pnpm/action-setup@v4
  ✓ Run actions/setup-node@v4
  ✓ Rust toolchain
  ✓ Rust cache
  * Linux system dependencies
  * Install dependencies
  * Build Tauri bundles
  * Upload installers
  * Post Rust cache
  * Post Run actions/setup-node@v4
  * Post Run pnpm/action-setup@v4
  * Post Run actions/checkout@v4
* desktop (macos-latest, macOS) (ID 103049500796)
  ✓ Set up job
  ✓ Run actions/checkout@v4
  ✓ Run pnpm/action-setup@v4
  ✓ Run actions/setup-node@v4
  ✓ Rust toolchain
  ✓ Rust cache
  - Linux system dependencies
  ✓ Install dependencies
  * Build Tauri bundles
  * Upload installers
  * Post Rust cache
  * Post Run actions/setup-node@v4
  * Post Run pnpm/action-setup@v4
  * Post Run actions/checkout@v4
* desktop (windows-latest, Windows) (ID 103049500895)
  ✓ Set up job
  ✓ Run actions/checkout@v4
  ✓ Run pnpm/action-setup@v4
  ✓ Run actions/setup-node@v4
  ✓ Rust toolchain
  ✓ Rust cache
  - Linux system dependencies
  * Install dependencies
  * Build Tauri bundles
  * Upload installers
  * Post Rust cache
  * Post Run actions/setup-node@v4
  * Post Run pnpm/action-setup@v4
  * Post Run actions/checkout@v4
Refreshing run status every 60 seconds. Press Ctrl+C to quit.

* phase-1/edit-display-record-timeline Test Build (desktop installers) aukcraft/auk-take#7 · 34530418116
Triggered via push about 1 minute ago

JOBS
* desktop (ubuntu-22.04, Linux) (ID 103049500517)
  ✓ Set up job
  ✓ Run actions/checkout@v4
  ✓ Run pnpm/action-setup@v4
  ✓ Run actions/setup-node@v4
  ✓ Rust toolchain
  ✓ Rust cache
  ✓ Linux system dependencies
  ✓ Install dependencies
  * Build Tauri bundles
  * Upload installers
  * Post Rust cache
  * Post Run actions/setup-node@v4
  * Post Run pnpm/action-setup@v4
  * Post Run actions/checkout@v4
* desktop (macos-latest, macOS) (ID 103049500796)
  ✓ Set up job
  ✓ Run actions/checkout@v4
  ✓ Run pnpm/action-setup@v4
  ✓ Run actions/setup-node@v4
  ✓ Rust toolchain
  ✓ Rust cache
  - Linux system dependencies
  ✓ Install dependencies
  * Build Tauri bundles
  * Upload installers
  * Post Rust cache
  * Post Run actions/setup-node@v4
  * Post Run pnpm/action-setup@v4
  * Post Run actions/checkout@v4
* desktop (windows-latest, Windows) (ID 103049500895)
  ✓ Set up job
  ✓ Run actions/checkout@v4
  ✓ Run pnpm/action-setup@v4
  ✓ Run actions/setup-node@v4
  ✓ Rust toolchain
  ✓ Rust cache
  - Linux system dependencies
  ✓ Install dependencies
  * Build Tauri bundles
  * Upload installers
  * Post Rust cache
  * Post Run actions/setup-node@v4
  * Post Run pnpm/action-setup@v4
  * Post Run actions/checkout@v4
Refreshing run status every 60 seconds. Press Ctrl+C to quit.

* phase-1/edit-display-record-timeline Test Build (desktop installers) aukcraft/auk-take#7 · 34530418116
Triggered via push about 3 minutes ago

JOBS
* desktop (ubuntu-22.04, Linux) (ID 103049500517)
  ✓ Set up job
  ✓ Run actions/checkout@v4
  ✓ Run pnpm/action-setup@v4
  ✓ Run actions/setup-node@v4
  ✓ Rust toolchain
  ✓ Rust cache
  ✓ Linux system dependencies
  ✓ Install dependencies
  * Build Tauri bundles
  * Upload installers
  * Post Rust cache
  * Post Run actions/setup-node@v4
  * Post Run pnpm/action-setup@v4
  * Post Run actions/checkout@v4
✓ desktop (macos-latest, macOS) in 2m20s (ID 103049500796)
  ✓ Set up job
  ✓ Run actions/checkout@v4
  ✓ Run pnpm/action-setup@v4
  ✓ Run actions/setup-node@v4
  ✓ Rust toolchain
  ✓ Rust cache
  - Linux system dependencies
  ✓ Install dependencies
  ✓ Build Tauri bundles
  ✓ Upload installers
  ✓ Post Rust cache
  ✓ Post Run actions/setup-node@v4
  ✓ Post Run pnpm/action-setup@v4
  ✓ Post Run actions/checkout@v4
  ✓ Complete job
* desktop (windows-latest, Windows) (ID 103049500895)
  ✓ Set up job
  ✓ Run actions/checkout@v4
  ✓ Run pnpm/action-setup@v4
  ✓ Run actions/setup-node@v4
  ✓ Rust toolchain
  ✓ Rust cache
  - Linux system dependencies
  ✓ Install dependencies
  * Build Tauri bundles
  * Upload installers
  * Post Rust cache
  * Post Run actions/setup-node@v4
  * Post Run pnpm/action-setup@v4
  * Post Run actions/checkout@v4

ANNOTATIONS
! Node.js 20 is deprecated. The following actions target Node.js 20 but are being forced to run on Node.js 24: actions/checkout@v4, actions/setup-node@v4, actions/upload-artifact@v4, pnpm/action-setup@v4. For more information see: https://github.blog/changelog/2025-09-19-deprecation-of-node-20-on-github-actions-runners/
desktop (macos-latest, macOS): .github#2

Refreshing run status every 60 seconds. Press Ctrl+C to quit.

* phase-1/edit-display-record-timeline Test Build (desktop installers) aukcraft/auk-take#7 · 34530418116
Triggered via push about 4 minutes ago

JOBS
* desktop (ubuntu-22.04, Linux) (ID 103049500517)
  ✓ Set up job
  ✓ Run actions/checkout@v4
  ✓ Run pnpm/action-setup@v4
  ✓ Run actions/setup-node@v4
  ✓ Rust toolchain
  ✓ Rust cache
  ✓ Linux system dependencies
  ✓ Install dependencies
  * Build Tauri bundles
  * Upload installers
  * Post Rust cache
  * Post Run actions/setup-node@v4
  * Post Run pnpm/action-setup@v4
  * Post Run actions/checkout@v4
✓ desktop (macos-latest, macOS) in 2m20s (ID 103049500796)
  ✓ Set up job
  ✓ Run actions/checkout@v4
  ✓ Run pnpm/action-setup@v4
  ✓ Run actions/setup-node@v4
  ✓ Rust toolchain
  ✓ Rust cache
  - Linux system dependencies
  ✓ Install dependencies
  ✓ Build Tauri bundles
  ✓ Upload installers
  ✓ Post Rust cache
  ✓ Post Run actions/setup-node@v4
  ✓ Post Run pnpm/action-setup@v4
  ✓ Post Run actions/checkout@v4
  ✓ Complete job
* desktop (windows-latest, Windows) (ID 103049500895)
  ✓ Set up job
  ✓ Run actions/checkout@v4
  ✓ Run pnpm/action-setup@v4
  ✓ Run actions/setup-node@v4
  ✓ Rust toolchain
  ✓ Rust cache
  - Linux system dependencies
  ✓ Install dependencies
  * Build Tauri bundles
  * Upload installers
  * Post Rust cache
  * Post Run actions/setup-node@v4
  * Post Run pnpm/action-setup@v4
  * Post Run actions/checkout@v4

ANNOTATIONS
! Node.js 20 is deprecated. The following actions target Node.js 20 but are being forced to run on Node.js 24: actions/checkout@v4, actions/setup-node@v4, actions/upload-artifact@v4, pnpm/action-setup@v4. For more information see: https://github.blog/changelog/2025-09-19-deprecation-of-node-20-on-github-actions-runners/
desktop (macos-latest, macOS): .github#2

Refreshing run status every 60 seconds. Press Ctrl+C to quit.

* phase-1/edit-display-record-timeline Test Build (desktop installers) aukcraft/auk-take#7 · 34530418116
Triggered via push about 5 minutes ago

JOBS
* desktop (ubuntu-22.04, Linux) (ID 103049500517)
  ✓ Set up job
  ✓ Run actions/checkout@v4
  ✓ Run pnpm/action-setup@v4
  ✓ Run actions/setup-node@v4
  ✓ Rust toolchain
  ✓ Rust cache
  ✓ Linux system dependencies
  ✓ Install dependencies
  * Build Tauri bundles
  * Upload installers
  * Post Rust cache
  * Post Run actions/setup-node@v4
  * Post Run pnpm/action-setup@v4
  * Post Run actions/checkout@v4
✓ desktop (macos-latest, macOS) in 2m20s (ID 103049500796)
  ✓ Set up job
  ✓ Run actions/checkout@v4
  ✓ Run pnpm/action-setup@v4
  ✓ Run actions/setup-node@v4
  ✓ Rust toolchain
  ✓ Rust cache
  - Linux system dependencies
  ✓ Install dependencies
  ✓ Build Tauri bundles
  ✓ Upload installers
  ✓ Post Rust cache
  ✓ Post Run actions/setup-node@v4
  ✓ Post Run pnpm/action-setup@v4
  ✓ Post Run actions/checkout@v4
  ✓ Complete job
* desktop (windows-latest, Windows) (ID 103049500895)
  ✓ Set up job
  ✓ Run actions/checkout@v4
  ✓ Run pnpm/action-setup@v4
  ✓ Run actions/setup-node@v4
  ✓ Rust toolchain
  ✓ Rust cache
  - Linux system dependencies
  ✓ Install dependencies
  * Build Tauri bundles
  * Upload installers
  * Post Rust cache
  * Post Run actions/setup-node@v4
  * Post Run pnpm/action-setup@v4
  * Post Run actions/checkout@v4

ANNOTATIONS
! Node.js 20 is deprecated. The following actions target Node.js 20 but are being forced to run on Node.js 24: actions/checkout@v4, actions/setup-node@v4, actions/upload-artifact@v4, pnpm/action-setup@v4. For more information see: https://github.blog/changelog/2025-09-19-deprecation-of-node-20-on-github-actions-runners/
desktop (macos-latest, macOS): .github#2

Refreshing run status every 60 seconds. Press Ctrl+C to quit.

* phase-1/edit-display-record-timeline Test Build (desktop installers) aukcraft/auk-take#7 · 34530418116
Triggered via push about 6 minutes ago

JOBS
* desktop (ubuntu-22.04, Linux) (ID 103049500517)
  ✓ Set up job
  ✓ Run actions/checkout@v4
  ✓ Run pnpm/action-setup@v4
  ✓ Run actions/setup-node@v4
  ✓ Rust toolchain
  ✓ Rust cache
  ✓ Linux system dependencies
  ✓ Install dependencies
  * Build Tauri bundles
  * Upload installers
  * Post Rust cache
  * Post Run actions/setup-node@v4
  * Post Run pnpm/action-setup@v4
  * Post Run actions/checkout@v4
✓ desktop (macos-latest, macOS) in 2m20s (ID 103049500796)
  ✓ Set up job
  ✓ Run actions/checkout@v4
  ✓ Run pnpm/action-setup@v4
  ✓ Run actions/setup-node@v4
  ✓ Rust toolchain
  ✓ Rust cache
  - Linux system dependencies
  ✓ Install dependencies
  ✓ Build Tauri bundles
  ✓ Upload installers
  ✓ Post Rust cache
  ✓ Post Run actions/setup-node@v4
  ✓ Post Run pnpm/action-setup@v4
  ✓ Post Run actions/checkout@v4
  ✓ Complete job
* desktop (windows-latest, Windows) (ID 103049500895)
  ✓ Set up job
  ✓ Run actions/checkout@v4
  ✓ Run pnpm/action-setup@v4
  ✓ Run actions/setup-node@v4
  ✓ Rust toolchain
  ✓ Rust cache
  - Linux system dependencies
  ✓ Install dependencies
  * Build Tauri bundles
  * Upload installers
  * Post Rust cache
  * Post Run actions/setup-node@v4
  * Post Run pnpm/action-setup@v4
  * Post Run actions/checkout@v4

ANNOTATIONS
! Node.js 20 is deprecated. The following actions target Node.js 20 but are being forced to run on Node.js 24: actions/checkout@v4, actions/setup-node@v4, actions/upload-artifact@v4, pnpm/action-setup@v4. For more information see: https://github.blog/changelog/2025-09-19-deprecation-of-node-20-on-github-actions-runners/
desktop (macos-latest, macOS): .github#2

Refreshing run status every 60 seconds. Press Ctrl+C to quit.

* phase-1/edit-display-record-timeline Test Build (desktop installers) aukcraft/auk-take#7 · 34530418116
Triggered via push about 7 minutes ago

JOBS
* desktop (ubuntu-22.04, Linux) (ID 103049500517)
  ✓ Set up job
  ✓ Run actions/checkout@v4
  ✓ Run pnpm/action-setup@v4
  ✓ Run actions/setup-node@v4
  ✓ Rust toolchain
  ✓ Rust cache
  ✓ Linux system dependencies
  ✓ Install dependencies
  * Build Tauri bundles
  * Upload installers
  * Post Rust cache
  * Post Run actions/setup-node@v4
  * Post Run pnpm/action-setup@v4
  * Post Run actions/checkout@v4
✓ desktop (macos-latest, macOS) in 2m20s (ID 103049500796)
  ✓ Set up job
  ✓ Run actions/checkout@v4
  ✓ Run pnpm/action-setup@v4
  ✓ Run actions/setup-node@v4
  ✓ Rust toolchain
  ✓ Rust cache
  - Linux system dependencies
  ✓ Install dependencies
  ✓ Build Tauri bundles
  ✓ Upload installers
  ✓ Post Rust cache
  ✓ Post Run actions/setup-node@v4
  ✓ Post Run pnpm/action-setup@v4
  ✓ Post Run actions/checkout@v4
  ✓ Complete job
* desktop (windows-latest, Windows) (ID 103049500895)
  ✓ Set up job
  ✓ Run actions/checkout@v4
  ✓ Run pnpm/action-setup@v4
  ✓ Run actions/setup-node@v4
  ✓ Rust toolchain
  ✓ Rust cache
  - Linux system dependencies
  ✓ Install dependencies
  * Build Tauri bundles
  * Upload installers
  * Post Rust cache
  * Post Run actions/setup-node@v4
  * Post Run pnpm/action-setup@v4
  * Post Run actions/checkout@v4

ANNOTATIONS
! Node.js 20 is deprecated. The following actions target Node.js 20 but are being forced to run on Node.js 24: actions/checkout@v4, actions/setup-node@v4, actions/upload-artifact@v4, pnpm/action-setup@v4. For more information see: https://github.blog/changelog/2025-09-19-deprecation-of-node-20-on-github-actions-runners/
desktop (macos-latest, macOS): .github#2

Refreshing run status every 60 seconds. Press Ctrl+C to quit.

* phase-1/edit-display-record-timeline Test Build (desktop installers) aukcraft/auk-take#7 · 34530418116
Triggered via push about 8 minutes ago

JOBS
* desktop (ubuntu-22.04, Linux) (ID 103049500517)
  ✓ Set up job
  ✓ Run actions/checkout@v4
  ✓ Run pnpm/action-setup@v4
  ✓ Run actions/setup-node@v4
  ✓ Rust toolchain
  ✓ Rust cache
  ✓ Linux system dependencies
  ✓ Install dependencies
  * Build Tauri bundles
  * Upload installers
  * Post Rust cache
  * Post Run actions/setup-node@v4
  * Post Run pnpm/action-setup@v4
  * Post Run actions/checkout@v4
✓ desktop (macos-latest, macOS) in 2m20s (ID 103049500796)
  ✓ Set up job
  ✓ Run actions/checkout@v4
  ✓ Run pnpm/action-setup@v4
  ✓ Run actions/setup-node@v4
  ✓ Rust toolchain
  ✓ Rust cache
  - Linux system dependencies
  ✓ Install dependencies
  ✓ Build Tauri bundles
  ✓ Upload installers
  ✓ Post Rust cache
  ✓ Post Run actions/setup-node@v4
  ✓ Post Run pnpm/action-setup@v4
  ✓ Post Run actions/checkout@v4
  ✓ Complete job
* desktop (windows-latest, Windows) (ID 103049500895)
  ✓ Set up job
  ✓ Run actions/checkout@v4
  ✓ Run pnpm/action-setup@v4
  ✓ Run actions/setup-node@v4
  ✓ Rust toolchain
  ✓ Rust cache
  - Linux system dependencies
  ✓ Install dependencies
  * Build Tauri bundles
  * Upload installers
  * Post Rust cache
  * Post Run actions/setup-node@v4
  * Post Run pnpm/action-setup@v4
  * Post Run actions/checkout@v4

ANNOTATIONS
! Node.js 20 is deprecated. The following actions target Node.js 20 but are being forced to run on Node.js 24: actions/checkout@v4, actions/setup-node@v4, actions/upload-artifact@v4, pnpm/action-setup@v4. For more information see: https://github.blog/changelog/2025-09-19-deprecation-of-node-20-on-github-actions-runners/
desktop (macos-latest, macOS): .github#2

Refreshing run status every 60 seconds. Press Ctrl+C to quit.

* phase-1/edit-display-record-timeline Test Build (desktop installers) aukcraft/auk-take#7 · 34530418116
Triggered via push about 9 minutes ago

JOBS
* desktop (ubuntu-22.04, Linux) (ID 103049500517)
  ✓ Set up job
  ✓ Run actions/checkout@v4
  ✓ Run pnpm/action-setup@v4
  ✓ Run actions/setup-node@v4
  ✓ Rust toolchain
  ✓ Rust cache
  ✓ Linux system dependencies
  ✓ Install dependencies
  * Build Tauri bundles
  * Upload installers
  * Post Rust cache
  * Post Run actions/setup-node@v4
  * Post Run pnpm/action-setup@v4
  * Post Run actions/checkout@v4
✓ desktop (macos-latest, macOS) in 2m20s (ID 103049500796)
  ✓ Set up job
  ✓ Run actions/checkout@v4
  ✓ Run pnpm/action-setup@v4
  ✓ Run actions/setup-node@v4
  ✓ Rust toolchain
  ✓ Rust cache
  - Linux system dependencies
  ✓ Install dependencies
  ✓ Build Tauri bundles
  ✓ Upload installers
  ✓ Post Rust cache
  ✓ Post Run actions/setup-node@v4
  ✓ Post Run pnpm/action-setup@v4
  ✓ Post Run actions/checkout@v4
  ✓ Complete job
* desktop (windows-latest, Windows) (ID 103049500895)
  ✓ Set up job
  ✓ Run actions/checkout@v4
  ✓ Run pnpm/action-setup@v4
  ✓ Run actions/setup-node@v4
  ✓ Rust toolchain
  ✓ Rust cache
  - Linux system dependencies
  ✓ Install dependencies
  * Build Tauri bundles
  * Upload installers
  * Post Rust cache
  * Post Run actions/setup-node@v4
  * Post Run pnpm/action-setup@v4
  * Post Run actions/checkout@v4

ANNOTATIONS
! Node.js 20 is deprecated. The following actions target Node.js 20 but are being forced to run on Node.js 24: actions/checkout@v4, actions/setup-node@v4, actions/upload-artifact@v4, pnpm/action-setup@v4. For more information see: https://github.blog/changelog/2025-09-19-deprecation-of-node-20-on-github-actions-runners/
desktop (macos-latest, macOS): .github#2

Refreshing run status every 60 seconds. Press Ctrl+C to quit.

* phase-1/edit-display-record-timeline Test Build (desktop installers) aukcraft/auk-take#7 · 34530418116
Triggered via push about 10 minutes ago

JOBS
✓ desktop (ubuntu-22.04, Linux) in 9m46s (ID 103049500517)
  ✓ Set up job
  ✓ Run actions/checkout@v4
  ✓ Run pnpm/action-setup@v4
  ✓ Run actions/setup-node@v4
  ✓ Rust toolchain
  ✓ Rust cache
  ✓ Linux system dependencies
  ✓ Install dependencies
  ✓ Build Tauri bundles
  ✓ Upload installers
  ✓ Post Rust cache
  ✓ Post Run actions/setup-node@v4
  ✓ Post Run pnpm/action-setup@v4
  ✓ Post Run actions/checkout@v4
  ✓ Complete job
✓ desktop (macos-latest, macOS) in 2m20s (ID 103049500796)
  ✓ Set up job
  ✓ Run actions/checkout@v4
  ✓ Run pnpm/action-setup@v4
  ✓ Run actions/setup-node@v4
  ✓ Rust toolchain
  ✓ Rust cache
  - Linux system dependencies
  ✓ Install dependencies
  ✓ Build Tauri bundles
  ✓ Upload installers
  ✓ Post Rust cache
  ✓ Post Run actions/setup-node@v4
  ✓ Post Run pnpm/action-setup@v4
  ✓ Post Run actions/checkout@v4
  ✓ Complete job
* desktop (windows-latest, Windows) (ID 103049500895)
  ✓ Set up job
  ✓ Run actions/checkout@v4
  ✓ Run pnpm/action-setup@v4
  ✓ Run actions/setup-node@v4
  ✓ Rust toolchain
  ✓ Rust cache
  - Linux system dependencies
  ✓ Install dependencies
  * Build Tauri bundles
  * Upload installers
  * Post Rust cache
  * Post Run actions/setup-node@v4
  * Post Run pnpm/action-setup@v4
  * Post Run actions/checkout@v4

ANNOTATIONS
! Node.js 20 is deprecated. The following actions target Node.js 20 but are being forced to run on Node.js 24: actions/checkout@v4, actions/setup-node@v4, actions/upload-artifact@v4, pnpm/action-setup@v4. For more information see: https://github.blog/changelog/2025-09-19-deprecation-of-node-20-on-github-actions-runners/
desktop (macos-latest, macOS): .github#2

